tm1637.c:70:6:CLK_PIN_SET	8	static
tm1637.c:74:6:CLK_PIN_RESET	8	static
tm1637.c:78:6:DATA_PIN_SET	8	static
tm1637.c:82:6:DATA_PIN_RESET	8	static
tm1637.c:86:6:DATA_PIN_READ	8	static
tm1637.c:94:6:tik_delay	24	static,ignoring_inline_asm
tm1637.c:103:6:TM1637_init	4	static
tm1637.c:112:6:TM1637_Generate_START	8	static
tm1637.c:123:6:TM1637_Generate_STOP	8	static
tm1637.c:137:6:TM1637_WriteData	24	static
tm1637.c:166:8:TM1637_coding	24	static
tm1637.c:179:6:TM1637_coding_all	24	static
tm1637.c:200:6:separate_Digit_to_digits	16	static
tm1637.c:247:6:TM1637_display	24	static
tm1637.c:266:6:TM1637_display_all	24	static
tm1637.c:289:6:TM1637_brightness	16	static
tm1637.c:297:6:TM1637_clearDisplay	16	static
tm1637.c:306:6:TM1637_displayTime	24	static
