Archive member included to satisfy reference by file (symbol)

c:/st/stm32cubeide_1.1.0/stm32cubeide/plugins/com.st.stm32cube.ide.mcu.externaltools.gnu-tools-for-stm32.7-2018-q2-update.win32_1.0.0.201904181610/tools/bin/../lib/gcc/arm-none-eabi/7.3.1/../../../../arm-none-eabi/lib/thumb/v7e-m/fpv5/hard\libc_nano.a(lib_a-errno.o)
                              Core/Src/syscalls.o (__errno)
c:/st/stm32cubeide_1.1.0/stm32cubeide/plugins/com.st.stm32cube.ide.mcu.externaltools.gnu-tools-for-stm32.7-2018-q2-update.win32_1.0.0.201904181610/tools/bin/../lib/gcc/arm-none-eabi/7.3.1/../../../../arm-none-eabi/lib/thumb/v7e-m/fpv5/hard\libc_nano.a(lib_a-exit.o)
                              c:/st/stm32cubeide_1.1.0/stm32cubeide/plugins/com.st.stm32cube.ide.mcu.externaltools.gnu-tools-for-stm32.7-2018-q2-update.win32_1.0.0.201904181610/tools/bin/../lib/gcc/arm-none-eabi/7.3.1/../../../../arm-none-eabi/lib/thumb/v7e-m/fpv5/hard/crt0.o (exit)
c:/st/stm32cubeide_1.1.0/stm32cubeide/plugins/com.st.stm32cube.ide.mcu.externaltools.gnu-tools-for-stm32.7-2018-q2-update.win32_1.0.0.201904181610/tools/bin/../lib/gcc/arm-none-eabi/7.3.1/../../../../arm-none-eabi/lib/thumb/v7e-m/fpv5/hard\libc_nano.a(lib_a-impure.o)
                              c:/st/stm32cubeide_1.1.0/stm32cubeide/plugins/com.st.stm32cube.ide.mcu.externaltools.gnu-tools-for-stm32.7-2018-q2-update.win32_1.0.0.201904181610/tools/bin/../lib/gcc/arm-none-eabi/7.3.1/../../../../arm-none-eabi/lib/thumb/v7e-m/fpv5/hard\libc_nano.a(lib_a-exit.o) (_global_impure_ptr)
c:/st/stm32cubeide_1.1.0/stm32cubeide/plugins/com.st.stm32cube.ide.mcu.externaltools.gnu-tools-for-stm32.7-2018-q2-update.win32_1.0.0.201904181610/tools/bin/../lib/gcc/arm-none-eabi/7.3.1/../../../../arm-none-eabi/lib/thumb/v7e-m/fpv5/hard\libc_nano.a(lib_a-init.o)
                              c:/st/stm32cubeide_1.1.0/stm32cubeide/plugins/com.st.stm32cube.ide.mcu.externaltools.gnu-tools-for-stm32.7-2018-q2-update.win32_1.0.0.201904181610/tools/bin/../lib/gcc/arm-none-eabi/7.3.1/../../../../arm-none-eabi/lib/thumb/v7e-m/fpv5/hard/crt0.o (__libc_init_array)
c:/st/stm32cubeide_1.1.0/stm32cubeide/plugins/com.st.stm32cube.ide.mcu.externaltools.gnu-tools-for-stm32.7-2018-q2-update.win32_1.0.0.201904181610/tools/bin/../lib/gcc/arm-none-eabi/7.3.1/../../../../arm-none-eabi/lib/thumb/v7e-m/fpv5/hard\libc_nano.a(lib_a-memset.o)
                              c:/st/stm32cubeide_1.1.0/stm32cubeide/plugins/com.st.stm32cube.ide.mcu.externaltools.gnu-tools-for-stm32.7-2018-q2-update.win32_1.0.0.201904181610/tools/bin/../lib/gcc/arm-none-eabi/7.3.1/../../../../arm-none-eabi/lib/thumb/v7e-m/fpv5/hard/crt0.o (memset)
c:/st/stm32cubeide_1.1.0/stm32cubeide/plugins/com.st.stm32cube.ide.mcu.externaltools.gnu-tools-for-stm32.7-2018-q2-update.win32_1.0.0.201904181610/tools/bin/../lib/gcc/arm-none-eabi/7.3.1/thumb/v7e-m/fpv5/hard\libgcc.a(_aeabi_uldivmod.o)
                              Drivers/STM32F7xx_HAL_Driver/Src/stm32f7xx_hal_rcc.o (__aeabi_uldivmod)
c:/st/stm32cubeide_1.1.0/stm32cubeide/plugins/com.st.stm32cube.ide.mcu.externaltools.gnu-tools-for-stm32.7-2018-q2-update.win32_1.0.0.201904181610/tools/bin/../lib/gcc/arm-none-eabi/7.3.1/thumb/v7e-m/fpv5/hard\libgcc.a(_udivmoddi4.o)
                              c:/st/stm32cubeide_1.1.0/stm32cubeide/plugins/com.st.stm32cube.ide.mcu.externaltools.gnu-tools-for-stm32.7-2018-q2-update.win32_1.0.0.201904181610/tools/bin/../lib/gcc/arm-none-eabi/7.3.1/thumb/v7e-m/fpv5/hard\libgcc.a(_aeabi_uldivmod.o) (__udivmoddi4)
c:/st/stm32cubeide_1.1.0/stm32cubeide/plugins/com.st.stm32cube.ide.mcu.externaltools.gnu-tools-for-stm32.7-2018-q2-update.win32_1.0.0.201904181610/tools/bin/../lib/gcc/arm-none-eabi/7.3.1/thumb/v7e-m/fpv5/hard\libgcc.a(_dvmd_tls.o)
                              c:/st/stm32cubeide_1.1.0/stm32cubeide/plugins/com.st.stm32cube.ide.mcu.externaltools.gnu-tools-for-stm32.7-2018-q2-update.win32_1.0.0.201904181610/tools/bin/../lib/gcc/arm-none-eabi/7.3.1/thumb/v7e-m/fpv5/hard\libgcc.a(_aeabi_uldivmod.o) (__aeabi_ldiv0)

Allocating common symbols
Common symbol       size              file

huart3              0x80              Core/Src/main.o
hpcd_USB_OTG_FS     0x404             Core/Src/main.o
DecPoint            0x1               Drivers/TM1637/tm1637.o
uwTick              0x4               Drivers/STM32F7xx_HAL_Driver/Src/stm32f7xx_hal.o
pFlash              0x1c              Drivers/STM32F7xx_HAL_Driver/Src/stm32f7xx_hal_flash.o
BlankingFlag        0x1               Drivers/TM1637/tm1637.o
Cmd_DispCtrl        0x1               Drivers/TM1637/tm1637.o
heth                0x48              Core/Src/main.o

Discarded input sections

 .text          0x0000000000000000        0x0 c:/st/stm32cubeide_1.1.0/stm32cubeide/plugins/com.st.stm32cube.ide.mcu.externaltools.gnu-tools-for-stm32.7-2018-q2-update.win32_1.0.0.201904181610/tools/bin/../lib/gcc/arm-none-eabi/7.3.1/thumb/v7e-m/fpv5/hard/crti.o
[...]
Memory Configuration

Name             Origin             Length             Attributes
RAM              0x0000000020000000 0x0000000000080000 xrw
FLASH            0x0000000008000000 0x0000000000200000 xr
*default*        0x0000000000000000 0xffffffffffffffff

Linker script and memory map

LOAD c:/st/stm32cubeide_1.1.0/stm32cubeide/plugins/com.st.stm32cube.ide.mcu.externaltools.gnu-tools-for-stm32.7-2018-q2-update.win32_1.0.0.201904181610/tools/bin/../lib/gcc/arm-none-eabi/7.3.1/thumb/v7e-m/fpv5/hard/crti.o
LOAD c:/st/stm32cubeide_1.1.0/stm32cubeide/plugins/com.st.stm32cube.ide.mcu.externaltools.gnu-tools-for-stm32.7-2018-q2-update.win32_1.0.0.201904181610/tools/bin/../lib/gcc/arm-none-eabi/7.3.1/thumb/v7e-m/fpv5/hard/crtbegin.o
LOAD c:/st/stm32cubeide_1.1.0/stm32cubeide/plugins/com.st.stm32cube.ide.mcu.externaltools.gnu-tools-for-stm32.7-2018-q2-update.win32_1.0.0.201904181610/tools/bin/../lib/gcc/arm-none-eabi/7.3.1/../../../../arm-none-eabi/lib/thumb/v7e-m/fpv5/hard/crt0.o
LOAD Core/Src/main.o
LOAD Core/Src/stm32f7xx_hal_msp.o
LOAD Core/Src/stm32f7xx_it.o
LOAD Core/Src/syscalls.o
LOAD Core/Src/sysmem.o
LOAD Core/Src/system_stm32f7xx.o
LOAD Core/Startup/startup_stm32f767zitx.o
LOAD Drivers/STM32F7xx_HAL_Driver/Src/stm32f7xx_hal.o
LOAD Drivers/STM32F7xx_HAL_Driver/Src/stm32f7xx_hal_cortex.o
LOAD Drivers/STM32F7xx_HAL_Driver/Src/stm32f7xx_hal_dma.o
LOAD Drivers/STM32F7xx_HAL_Driver/Src/stm32f7xx_hal_dma_ex.o
LOAD Drivers/STM32F7xx_HAL_Driver/Src/stm32f7xx_hal_eth.o
LOAD Drivers/STM32F7xx_HAL_Driver/Src/stm32f7xx_hal_exti.o
LOAD Drivers/STM32F7xx_HAL_Driver/Src/stm32f7xx_hal_flash.o
LOAD Drivers/STM32F7xx_HAL_Driver/Src/stm32f7xx_hal_flash_ex.o
LOAD Drivers/STM32F7xx_HAL_Driver/Src/stm32f7xx_hal_gpio.o
LOAD Drivers/STM32F7xx_HAL_Driver/Src/stm32f7xx_hal_i2c.o
LOAD Drivers/STM32F7xx_HAL_Driver/Src/stm32f7xx_hal_i2c_ex.o
LOAD Drivers/STM32F7xx_HAL_Driver/Src/stm32f7xx_hal_pcd.o
LOAD Drivers/STM32F7xx_HAL_Driver/Src/stm32f7xx_hal_pcd_ex.o
LOAD Drivers/STM32F7xx_HAL_Driver/Src/stm32f7xx_hal_pwr.o
LOAD Drivers/STM32F7xx_HAL_Driver/Src/stm32f7xx_hal_pwr_ex.o
LOAD Drivers/STM32F7xx_HAL_Driver/Src/stm32f7xx_hal_rcc.o
LOAD Drivers/STM32F7xx_HAL_Driver/Src/stm32f7xx_hal_rcc_ex.o
LOAD Drivers/STM32F7xx_HAL_Driver/Src/stm32f7xx_hal_tim.o
LOAD Drivers/STM32F7xx_HAL_Driver/Src/stm32f7xx_hal_tim_ex.o
LOAD Drivers/STM32F7xx_HAL_Driver/Src/stm32f7xx_hal_uart.o
LOAD Drivers/STM32F7xx_HAL_Driver/Src/stm32f7xx_hal_uart_ex.o
LOAD Drivers/STM32F7xx_HAL_Driver/Src/stm32f7xx_ll_usb.o
LOAD Drivers/TM1637/tm1637.o
START GROUP
LOAD c:/st/stm32cubeide_1.1.0/stm32cubeide/plugins/com.st.stm32cube.ide.mcu.externaltools.gnu-tools-for-stm32.7-2018-q2-update.win32_1.0.0.201904181610/tools/bin/../lib/gcc/arm-none-eabi/7.3.1/../../../../arm-none-eabi/lib/thumb/v7e-m/fpv5/hard\libc_nano.a
LOAD c:/st/stm32cubeide_1.1.0/stm32cubeide/plugins/com.st.stm32cube.ide.mcu.externaltools.gnu-tools-for-stm32.7-2018-q2-update.win32_1.0.0.201904181610/tools/bin/../lib/gcc/arm-none-eabi/7.3.1/../../../../arm-none-eabi/lib/thumb/v7e-m/fpv5/hard\libm.a
END GROUP
START GROUP
LOAD c:/st/stm32cubeide_1.1.0/stm32cubeide/plugins/com.st.stm32cube.ide.mcu.externaltools.gnu-tools-for-stm32.7-2018-q2-update.win32_1.0.0.201904181610/tools/bin/../lib/gcc/arm-none-eabi/7.3.1/thumb/v7e-m/fpv5/hard\libgcc.a
LOAD c:/st/stm32cubeide_1.1.0/stm32cubeide/plugins/com.st.stm32cube.ide.mcu.externaltools.gnu-tools-for-stm32.7-2018-q2-update.win32_1.0.0.201904181610/tools/bin/../lib/gcc/arm-none-eabi/7.3.1/../../../../arm-none-eabi/lib/thumb/v7e-m/fpv5/hard\libc_nano.a
END GROUP
START GROUP
LOAD c:/st/stm32cubeide_1.1.0/stm32cubeide/plugins/com.st.stm32cube.ide.mcu.externaltools.gnu-tools-for-stm32.7-2018-q2-update.win32_1.0.0.201904181610/tools/bin/../lib/gcc/arm-none-eabi/7.3.1/thumb/v7e-m/fpv5/hard\libgcc.a
LOAD c:/st/stm32cubeide_1.1.0/stm32cubeide/plugins/com.st.stm32cube.ide.mcu.externaltools.gnu-tools-for-stm32.7-2018-q2-update.win32_1.0.0.201904181610/tools/bin/../lib/gcc/arm-none-eabi/7.3.1/../../../../arm-none-eabi/lib/thumb/v7e-m/fpv5/hard\libc_nano.a
LOAD c:/st/stm32cubeide_1.1.0/stm32cubeide/plugins/com.st.stm32cube.ide.mcu.externaltools.gnu-tools-for-stm32.7-2018-q2-update.win32_1.0.0.201904181610/tools/bin/../lib/gcc/arm-none-eabi/7.3.1/../../../../arm-none-eabi/lib/thumb/v7e-m/fpv5/hard\libnosys.a
END GROUP
START GROUP
LOAD c:/st/stm32cubeide_1.1.0/stm32cubeide/plugins/com.st.stm32cube.ide.mcu.externaltools.gnu-tools-for-stm32.7-2018-q2-update.win32_1.0.0.201904181610/tools/bin/../lib/gcc/arm-none-eabi/7.3.1/thumb/v7e-m/fpv5/hard\libgcc.a
LOAD c:/st/stm32cubeide_1.1.0/stm32cubeide/plugins/com.st.stm32cube.ide.mcu.externaltools.gnu-tools-for-stm32.7-2018-q2-update.win32_1.0.0.201904181610/tools/bin/../lib/gcc/arm-none-eabi/7.3.1/../../../../arm-none-eabi/lib/thumb/v7e-m/fpv5/hard\libc_nano.a
LOAD c:/st/stm32cubeide_1.1.0/stm32cubeide/plugins/com.st.stm32cube.ide.mcu.externaltools.gnu-tools-for-stm32.7-2018-q2-update.win32_1.0.0.201904181610/tools/bin/../lib/gcc/arm-none-eabi/7.3.1/../../../../arm-none-eabi/lib/thumb/v7e-m/fpv5/hard\libnosys.a
END GROUP
LOAD c:/st/stm32cubeide_1.1.0/stm32cubeide/plugins/com.st.stm32cube.ide.mcu.externaltools.gnu-tools-for-stm32.7-2018-q2-update.win32_1.0.0.201904181610/tools/bin/../lib/gcc/arm-none-eabi/7.3.1/thumb/v7e-m/fpv5/hard/crtend.o
LOAD c:/st/stm32cubeide_1.1.0/stm32cubeide/plugins/com.st.stm32cube.ide.mcu.externaltools.gnu-tools-for-stm32.7-2018-q2-update.win32_1.0.0.201904181610/tools/bin/../lib/gcc/arm-none-eabi/7.3.1/thumb/v7e-m/fpv5/hard/crtn.o
                0x0000000020080000                _estack = (ORIGIN (RAM) + LENGTH (RAM))
                0x0000000000000200                _Min_Heap_Size = 0x200
                0x0000000000000400                _Min_Stack_Size = 0x400

.isr_vector     0x0000000008000000      0x1f8
                0x0000000008000000                . = ALIGN (0x4)
 *(.isr_vector)
 .isr_vector    0x0000000008000000      0x1f8 Core/Startup/startup_stm32f767zitx.o
                0x0000000008000000                g_pfnVectors
                0x00000000080001f8                . = ALIGN (0x4)

.text           0x00000000080001f8     0x4344
                0x00000000080001f8                . = ALIGN (0x4)
 *(.text)
 .text          0x00000000080001f8       0x40 c:/st/stm32cubeide_1.1.0/stm32cubeide/plugins/com.st.stm32cube.ide.mcu.externaltools.gnu-tools-for-stm32.7-2018-q2-update.win32_1.0.0.201904181610/tools/bin/../lib/gcc/arm-none-eabi/7.3.1/thumb/v7e-m/fpv5/hard/crtbegin.o
 .text          0x0000000008000238       0x30 c:/st/stm32cubeide_1.1.0/stm32cubeide/plugins/com.st.stm32cube.ide.mcu.externaltools.gnu-tools-for-stm32.7-2018-q2-update.win32_1.0.0.201904181610/tools/bin/../lib/gcc/arm-none-eabi/7.3.1/thumb/v7e-m/fpv5/hard\libgcc.a(_aeabi_uldivmod.o)
                0x0000000008000238                __aeabi_uldivmod
 .text          0x0000000008000268      0x2cc c:/st/stm32cubeide_1.1.0/stm32cubeide/plugins/com.st.stm32cube.ide.mcu.externaltools.gnu-tools-for-stm32.7-2018-q2-update.win32_1.0.0.201904181610/tools/bin/../lib/gcc/arm-none-eabi/7.3.1/thumb/v7e-m/fpv5/hard\libgcc.a(_udivmoddi4.o)
                0x0000000008000268                __udivmoddi4
 .text          0x0000000008000534        0x4 c:/st/stm32cubeide_1.1.0/stm32cubeide/plugins/com.st.stm32cube.ide.mcu.externaltools.gnu-tools-for-stm32.7-2018-q2-update.win32_1.0.0.201904181610/tools/bin/../lib/gcc/arm-none-eabi/7.3.1/thumb/v7e-m/fpv5/hard\libgcc.a(_dvmd_tls.o)
                0x0000000008000534                __aeabi_idiv0
                0x0000000008000534                __aeabi_ldiv0
 *(.text*)
 .text.main     0x0000000008000538       0x50 Core/Src/main.o
                0x0000000008000538                main
 .text.SystemClock_Config
                0x0000000008000588      0x12c Core/Src/main.o
                0x0000000008000588                SystemClock_Config
 .text.MX_ETH_Init
                0x00000000080006b4       0x80 Core/Src/main.o
 .text.MX_USART3_UART_Init
                0x0000000008000734       0x60 Core/Src/main.o
 .text.MX_USB_OTG_FS_PCD_Init
                0x0000000008000794       0x5c Core/Src/main.o
 .text.MX_GPIO_Init
                0x00000000080007f0      0x164 Core/Src/main.o
 .text.Error_Handler
                0x0000000008000954        0xe Core/Src/main.o
                0x0000000008000954                Error_Handler
 *fill*         0x0000000008000962        0x2 
 .text.HAL_MspInit
                0x0000000008000964       0x48 Core/Src/stm32f7xx_hal_msp.o
                0x0000000008000964                HAL_MspInit
 .text.HAL_ETH_MspInit
                0x00000000080009ac      0x170 Core/Src/stm32f7xx_hal_msp.o
                0x00000000080009ac                HAL_ETH_MspInit
 .text.HAL_UART_MspInit
                0x0000000008000b1c       0x88 Core/Src/stm32f7xx_hal_msp.o
                0x0000000008000b1c                HAL_UART_MspInit
 .text.HAL_PCD_MspInit
                0x0000000008000ba4       0xb8 Core/Src/stm32f7xx_hal_msp.o
                0x0000000008000ba4                HAL_PCD_MspInit
 .text.NMI_Handler
                0x0000000008000c5c        0xe Core/Src/stm32f7xx_it.o
                0x0000000008000c5c                NMI_Handler
 .text.HardFault_Handler
                0x0000000008000c6a        0x6 Core/Src/stm32f7xx_it.o
                0x0000000008000c6a                HardFault_Handler
 .text.MemManage_Handler
                0x0000000008000c70        0x6 Core/Src/stm32f7xx_it.o
                0x0000000008000c70                MemManage_Handler
 .text.BusFault_Handler
                0x0000000008000c76        0x6 Core/Src/stm32f7xx_it.o
                0x0000000008000c76                BusFault_Handler
 .text.UsageFault_Handler
                0x0000000008000c7c        0x6 Core/Src/stm32f7xx_it.o
                0x0000000008000c7c                UsageFault_Handler
 .text.SVC_Handler
                0x0000000008000c82        0xe Core/Src/stm32f7xx_it.o
                0x0000000008000c82                SVC_Handler
 .text.DebugMon_Handler
                0x0000000008000c90        0xe Core/Src/stm32f7xx_it.o
                0x0000000008000c90                DebugMon_Handler
 .text.PendSV_Handler
                0x0000000008000c9e        0xe Core/Src/stm32f7xx_it.o
                0x0000000008000c9e                PendSV_Handler
 .text.SysTick_Handler
                0x0000000008000cac        0xc Core/Src/stm32f7xx_it.o
                0x0000000008000cac                SysTick_Handler
 .text.SystemInit
                0x0000000008000cb8       0x6c Core/Src/system_stm32f7xx.o
                0x0000000008000cb8                SystemInit
 .text.Reset_Handler
                0x0000000008000d24       0x50 Core/Startup/startup_stm32f767zitx.o
                0x0000000008000d24                Reset_Handler
 .text.Default_Handler
                0x0000000008000d74        0x2 Core/Startup/startup_stm32f767zitx.o
                0x0000000008000d74                RTC_Alarm_IRQHandler
                0x0000000008000d74                EXTI2_IRQHandler
                0x0000000008000d74                TIM8_CC_IRQHandler
                0x0000000008000d74                UART8_IRQHandler
                0x0000000008000d74                SPI4_IRQHandler
                0x0000000008000d74                TIM1_CC_IRQHandler
                0x0000000008000d74                DMA2_Stream5_IRQHandler
                0x0000000008000d74                JPEG_IRQHandler
                0x0000000008000d74                DMA1_Stream5_IRQHandler
                0x0000000008000d74                CAN3_RX1_IRQHandler
                0x0000000008000d74                PVD_IRQHandler
                0x0000000008000d74                TAMP_STAMP_IRQHandler
                0x0000000008000d74                CAN2_RX1_IRQHandler
                0x0000000008000d74                EXTI3_IRQHandler
                0x0000000008000d74                TIM8_TRG_COM_TIM14_IRQHandler
                0x0000000008000d74                DFSDM1_FLT1_IRQHandler
                0x0000000008000d74                TIM1_UP_TIM10_IRQHandler
                0x0000000008000d74                TIM8_UP_TIM13_IRQHandler
                0x0000000008000d74                I2C3_ER_IRQHandler
                0x0000000008000d74                DFSDM1_FLT2_IRQHandler
                0x0000000008000d74                EXTI0_IRQHandler
                0x0000000008000d74                I2C2_EV_IRQHandler
                0x0000000008000d74                DMA1_Stream2_IRQHandler
                0x0000000008000d74                CAN1_RX0_IRQHandler
                0x0000000008000d74                FPU_IRQHandler
                0x0000000008000d74                OTG_HS_WKUP_IRQHandler
                0x0000000008000d74                CAN3_SCE_IRQHandler
                0x0000000008000d74                LTDC_ER_IRQHandler
                0x0000000008000d74                CAN2_SCE_IRQHandler
                0x0000000008000d74                DMA2_Stream2_IRQHandler
                0x0000000008000d74                SPI1_IRQHandler
                0x0000000008000d74                TIM6_DAC_IRQHandler
                0x0000000008000d74                TIM1_BRK_TIM9_IRQHandler
                0x0000000008000d74                DCMI_IRQHandler
                0x0000000008000d74                CAN2_RX0_IRQHandler
                0x0000000008000d74                DMA2_Stream3_IRQHandler
                0x0000000008000d74                SAI2_IRQHandler
                0x0000000008000d74                DFSDM1_FLT3_IRQHandler
                0x0000000008000d74                USART6_IRQHandler
                0x0000000008000d74                CAN3_RX0_IRQHandler
                0x0000000008000d74                USART3_IRQHandler
                0x0000000008000d74                CAN1_RX1_IRQHandler
                0x0000000008000d74                UART5_IRQHandler
                0x0000000008000d74                DMA2_Stream0_IRQHandler
                0x0000000008000d74                TIM4_IRQHandler
                0x0000000008000d74                QUADSPI_IRQHandler
                0x0000000008000d74                I2C1_EV_IRQHandler
                0x0000000008000d74                DMA1_Stream6_IRQHandler
                0x0000000008000d74                DMA1_Stream1_IRQHandler
                0x0000000008000d74                UART4_IRQHandler
                0x0000000008000d74                TIM3_IRQHandler
                0x0000000008000d74                RCC_IRQHandler
                0x0000000008000d74                TIM8_BRK_TIM12_IRQHandler
                0x0000000008000d74                Default_Handler
                0x0000000008000d74                CEC_IRQHandler
                0x0000000008000d74                EXTI15_10_IRQHandler
                0x0000000008000d74                ADC_IRQHandler
                0x0000000008000d74                DMA1_Stream7_IRQHandler
                0x0000000008000d74                SPI5_IRQHandler
                0x0000000008000d74                TIM7_IRQHandler
                0x0000000008000d74                SDMMC1_IRQHandler
                0x0000000008000d74                CAN2_TX_IRQHandler
                0x0000000008000d74                TIM5_IRQHandler
                0x0000000008000d74                DMA2_Stream7_IRQHandler
                0x0000000008000d74                I2C3_EV_IRQHandler
                0x0000000008000d74                EXTI9_5_IRQHandler
                0x0000000008000d74                RTC_WKUP_IRQHandler
                0x0000000008000d74                LTDC_IRQHandler
                0x0000000008000d74                ETH_WKUP_IRQHandler
                0x0000000008000d74                SPDIF_RX_IRQHandler
                0x0000000008000d74                SPI2_IRQHandler
                0x0000000008000d74                OTG_HS_EP1_IN_IRQHandler
                0x0000000008000d74                DMA1_Stream0_IRQHandler
                0x0000000008000d74                CAN1_TX_IRQHandler
                0x0000000008000d74                EXTI4_IRQHandler
                0x0000000008000d74                RNG_IRQHandler
                0x0000000008000d74                ETH_IRQHandler
                0x0000000008000d74                OTG_HS_EP1_OUT_IRQHandler
                0x0000000008000d74                WWDG_IRQHandler
                0x0000000008000d74                SPI6_IRQHandler
                0x0000000008000d74                MDIOS_IRQHandler
                0x0000000008000d74                I2C4_EV_IRQHandler
                0x0000000008000d74                CAN3_TX_IRQHandler
                0x0000000008000d74                TIM2_IRQHandler
                0x0000000008000d74                OTG_FS_WKUP_IRQHandler
                0x0000000008000d74                TIM1_TRG_COM_TIM11_IRQHandler
                0x0000000008000d74                OTG_HS_IRQHandler
                0x0000000008000d74                DMA2D_IRQHandler
                0x0000000008000d74                EXTI1_IRQHandler
                0x0000000008000d74                SDMMC2_IRQHandler
                0x0000000008000d74                UART7_IRQHandler
                0x0000000008000d74                USART2_IRQHandler
                0x0000000008000d74                DFSDM1_FLT0_IRQHandler
                0x0000000008000d74                I2C2_ER_IRQHandler
                0x0000000008000d74                DMA2_Stream1_IRQHandler
                0x0000000008000d74                CAN1_SCE_IRQHandler
                0x0000000008000d74                FLASH_IRQHandler
                0x0000000008000d74                DMA2_Stream4_IRQHandler
                0x0000000008000d74                USART1_IRQHandler
                0x0000000008000d74                OTG_FS_IRQHandler
                0x0000000008000d74                SPI3_IRQHandler
                0x0000000008000d74                DMA1_Stream4_IRQHandler
                0x0000000008000d74                I2C1_ER_IRQHandler
                0x0000000008000d74                FMC_IRQHandler
                0x0000000008000d74                LPTIM1_IRQHandler
                0x0000000008000d74                I2C4_ER_IRQHandler
                0x0000000008000d74                DMA2_Stream6_IRQHandler
                0x0000000008000d74                SAI1_IRQHandler
                0x0000000008000d74                DMA1_Stream3_IRQHandler
 .text.HAL_Init
                0x0000000008000d76       0x1a Drivers/STM32F7xx_HAL_Driver/Src/stm32f7xx_hal.o
                0x0000000008000d76                HAL_Init
 .text.HAL_InitTick
                0x0000000008000d90       0x60 Drivers/STM32F7xx_HAL_Driver/Src/stm32f7xx_hal.o
                0x0000000008000d90                HAL_InitTick
 .text.HAL_IncTick
                0x0000000008000df0       0x28 Drivers/STM32F7xx_HAL_Driver/Src/stm32f7xx_hal.o
                0x0000000008000df0                HAL_IncTick
 .text.HAL_GetTick
                0x0000000008000e18       0x18 Drivers/STM32F7xx_HAL_Driver/Src/stm32f7xx_hal.o
                0x0000000008000e18                HAL_GetTick
 .text.HAL_Delay
                0x0000000008000e30       0x44 Drivers/STM32F7xx_HAL_Driver/Src/stm32f7xx_hal.o
                0x0000000008000e30                HAL_Delay
 .text.__NVIC_SetPriorityGrouping
                0x0000000008000e74       0x48 Drivers/STM32F7xx_HAL_Driver/Src/stm32f7xx_hal_cortex.o
 .text.__NVIC_GetPriorityGrouping
                0x0000000008000ebc       0x1c Drivers/STM32F7xx_HAL_Driver/Src/stm32f7xx_hal_cortex.o
 .text.__NVIC_SetPriority
                0x0000000008000ed8       0x54 Drivers/STM32F7xx_HAL_Driver/Src/stm32f7xx_hal_cortex.o
 .text.NVIC_EncodePriority
                0x0000000008000f2c       0x66 Drivers/STM32F7xx_HAL_Driver/Src/stm32f7xx_hal_cortex.o
 *fill*         0x0000000008000f92        0x2 
 .text.SysTick_Config
                0x0000000008000f94       0x44 Drivers/STM32F7xx_HAL_Driver/Src/stm32f7xx_hal_cortex.o
 .text.HAL_NVIC_SetPriorityGrouping
                0x0000000008000fd8       0x16 Drivers/STM32F7xx_HAL_Driver/Src/stm32f7xx_hal_cortex.o
                0x0000000008000fd8                HAL_NVIC_SetPriorityGrouping
 .text.HAL_NVIC_SetPriority
                0x0000000008000fee       0x38 Drivers/STM32F7xx_HAL_Driver/Src/stm32f7xx_hal_cortex.o
                0x0000000008000fee                HAL_NVIC_SetPriority
 .text.HAL_SYSTICK_Config
                0x0000000008001026       0x18 Drivers/STM32F7xx_HAL_Driver/Src/stm32f7xx_hal_cortex.o
                0x0000000008001026                HAL_SYSTICK_Config
 *fill*         0x000000000800103e        0x2 
 .text.HAL_ETH_Init
                0x0000000008001040      0x338 Drivers/STM32F7xx_HAL_Driver/Src/stm32f7xx_hal_eth.o
                0x0000000008001040                HAL_ETH_Init
 .text.HAL_ETH_ReadPHYRegister
                0x0000000008001378       0xd0 Drivers/STM32F7xx_HAL_Driver/Src/stm32f7xx_hal_eth.o
                0x0000000008001378                HAL_ETH_ReadPHYRegister
 .text.HAL_ETH_WritePHYRegister
                0x0000000008001448       0xcc Drivers/STM32F7xx_HAL_Driver/Src/stm32f7xx_hal_eth.o
                0x0000000008001448                HAL_ETH_WritePHYRegister
 .text.ETH_MACDMAConfig
                0x0000000008001514      0x394 Drivers/STM32F7xx_HAL_Driver/Src/stm32f7xx_hal_eth.o
 .text.ETH_MACAddressConfig
                0x00000000080018a8       0x70 Drivers/STM32F7xx_HAL_Driver/Src/stm32f7xx_hal_eth.o
 .text.HAL_GPIO_Init
                0x0000000008001918      0x354 Drivers/STM32F7xx_HAL_Driver/Src/stm32f7xx_hal_gpio.o
                0x0000000008001918                HAL_GPIO_Init
 .text.HAL_GPIO_ReadPin
                0x0000000008001c6c       0x30 Drivers/STM32F7xx_HAL_Driver/Src/stm32f7xx_hal_gpio.o
                0x0000000008001c6c                HAL_GPIO_ReadPin
 .text.HAL_GPIO_WritePin
                0x0000000008001c9c       0x32 Drivers/STM32F7xx_HAL_Driver/Src/stm32f7xx_hal_gpio.o
                0x0000000008001c9c                HAL_GPIO_WritePin
 .text.HAL_GPIO_TogglePin
                0x0000000008001cce       0x36 Drivers/STM32F7xx_HAL_Driver/Src/stm32f7xx_hal_gpio.o
                0x0000000008001cce                HAL_GPIO_TogglePin
 .text.HAL_PCD_Init
                0x0000000008001d04      0x230 Drivers/STM32F7xx_HAL_Driver/Src/stm32f7xx_hal_pcd.o
                0x0000000008001d04                HAL_PCD_Init
 .text.HAL_PCDEx_ActivateLPM
                0x0000000008001f34       0x48 Drivers/STM32F7xx_HAL_Driver/Src/stm32f7xx_hal_pcd_ex.o
                0x0000000008001f34                HAL_PCDEx_ActivateLPM
 .text.HAL_PWR_EnableBkUpAccess
                0x0000000008001f7c       0x20 Drivers/STM32F7xx_HAL_Driver/Src/stm32f7xx_hal_pwr.o
                0x0000000008001f7c                HAL_PWR_EnableBkUpAccess
 .text.HAL_PWREx_EnableOverDrive
                0x0000000008001f9c       0xa0 Drivers/STM32F7xx_HAL_Driver/Src/stm32f7xx_hal_pwr_ex.o
                0x0000000008001f9c                HAL_PWREx_EnableOverDrive
 .text.HAL_RCC_OscConfig
                0x000000000800203c      0x4e4 Drivers/STM32F7xx_HAL_Driver/Src/stm32f7xx_hal_rcc.o
                0x000000000800203c                HAL_RCC_OscConfig
 .text.HAL_RCC_ClockConfig
                0x0000000008002520      0x1d0 Drivers/STM32F7xx_HAL_Driver/Src/stm32f7xx_hal_rcc.o
                0x0000000008002520                HAL_RCC_ClockConfig
 .text.HAL_RCC_GetSysClockFreq
                0x00000000080026f0      0x1b0 Drivers/STM32F7xx_HAL_Driver/Src/stm32f7xx_hal_rcc.o
                0x00000000080026f0                HAL_RCC_GetSysClockFreq
 .text.HAL_RCC_GetHCLKFreq
                0x00000000080028a0       0x18 Drivers/STM32F7xx_HAL_Driver/Src/stm32f7xx_hal_rcc.o
                0x00000000080028a0                HAL_RCC_GetHCLKFreq
 .text.HAL_RCC_GetPCLK1Freq
                0x00000000080028b8       0x28 Drivers/STM32F7xx_HAL_Driver/Src/stm32f7xx_hal_rcc.o
                0x00000000080028b8                HAL_RCC_GetPCLK1Freq
 .text.HAL_RCC_GetPCLK2Freq
                0x00000000080028e0       0x28 Drivers/STM32F7xx_HAL_Driver/Src/stm32f7xx_hal_rcc.o
                0x00000000080028e0                HAL_RCC_GetPCLK2Freq
 .text.HAL_RCCEx_PeriphCLKConfig
                0x0000000008002908      0x84c Drivers/STM32F7xx_HAL_Driver/Src/stm32f7xx_hal_rcc_ex.o
                0x0000000008002908                HAL_RCCEx_PeriphCLKConfig
 .text.HAL_UART_Init
                0x0000000008003154       0x9c Drivers/STM32F7xx_HAL_Driver/Src/stm32f7xx_hal_uart.o
                0x0000000008003154                HAL_UART_Init
 .text.UART_SetConfig
                0x00000000080031f0      0x548 Drivers/STM32F7xx_HAL_Driver/Src/stm32f7xx_hal_uart.o
                0x00000000080031f0                UART_SetConfig
 .text.UART_AdvFeatureConfig
                0x0000000008003738      0x144 Drivers/STM32F7xx_HAL_Driver/Src/stm32f7xx_hal_uart.o
                0x0000000008003738                UART_AdvFeatureConfig
 .text.UART_CheckIdleState
                0x000000000800387c       0x5e Drivers/STM32F7xx_HAL_Driver/Src/stm32f7xx_hal_uart.o
                0x000000000800387c                UART_CheckIdleState
 .text.UART_WaitOnFlagUntilTimeout
                0x00000000080038da       0x90 Drivers/STM32F7xx_HAL_Driver/Src/stm32f7xx_hal_uart.o
                0x00000000080038da                UART_WaitOnFlagUntilTimeout
 *fill*         0x000000000800396a        0x2 
 .text.USB_CoreInit
                0x000000000800396c       0xb0 Drivers/STM32F7xx_HAL_Driver/Src/stm32f7xx_ll_usb.o
                0x000000000800396c                USB_CoreInit
 .text.USB_DisableGlobalInt
                0x0000000008003a1c       0x22 Drivers/STM32F7xx_HAL_Driver/Src/stm32f7xx_ll_usb.o
                0x0000000008003a1c                USB_DisableGlobalInt
 .text.USB_SetCurrentMode
                0x0000000008003a3e       0x54 Drivers/STM32F7xx_HAL_Driver/Src/stm32f7xx_ll_usb.o
                0x0000000008003a3e                USB_SetCurrentMode
 *fill*         0x0000000008003a92        0x2 
 .text.USB_DevInit
                0x0000000008003a94      0x2f8 Drivers/STM32F7xx_HAL_Driver/Src/stm32f7xx_ll_usb.o
                0x0000000008003a94                USB_DevInit
 .text.USB_FlushTxFifo
                0x0000000008003d8c       0x4c Drivers/STM32F7xx_HAL_Driver/Src/stm32f7xx_ll_usb.o
                0x0000000008003d8c                USB_FlushTxFifo
 .text.USB_FlushRxFifo
                0x0000000008003dd8       0x44 Drivers/STM32F7xx_HAL_Driver/Src/stm32f7xx_ll_usb.o
                0x0000000008003dd8                USB_FlushRxFifo
 .text.USB_SetDevSpeed
                0x0000000008003e1c       0x32 Drivers/STM32F7xx_HAL_Driver/Src/stm32f7xx_ll_usb.o
                0x0000000008003e1c                USB_SetDevSpeed
 .text.USB_DevDisconnect
                0x0000000008003e4e       0x30 Drivers/STM32F7xx_HAL_Driver/Src/stm32f7xx_ll_usb.o
                0x0000000008003e4e                USB_DevDisconnect
 *fill*         0x0000000008003e7e        0x2 
 .text.USB_CoreReset
                0x0000000008003e80       0x68 Drivers/STM32F7xx_HAL_Driver/Src/stm32f7xx_ll_usb.o
 .text.CLK_PIN_SET
                0x0000000008003ee8       0x18 Drivers/TM1637/tm1637.o
                0x0000000008003ee8                CLK_PIN_SET
 .text.CLK_PIN_RESET
                0x0000000008003f00       0x18 Drivers/TM1637/tm1637.o
                0x0000000008003f00                CLK_PIN_RESET
 .text.DATA_PIN_SET
                0x0000000008003f18       0x18 Drivers/TM1637/tm1637.o
                0x0000000008003f18                DATA_PIN_SET
 .text.DATA_PIN_RESET
                0x0000000008003f30       0x18 Drivers/TM1637/tm1637.o
                0x0000000008003f30                DATA_PIN_RESET
 .text.DATA_PIN_READ
                0x0000000008003f48       0x18 Drivers/TM1637/tm1637.o
                0x0000000008003f48                DATA_PIN_READ
 .text.tik_delay
                0x0000000008003f60       0x2a Drivers/TM1637/tm1637.o
                0x0000000008003f60                tik_delay
 *fill*         0x0000000008003f8a        0x2 
 .text.TM1637_Generate_START
                0x0000000008003f8c       0x38 Drivers/TM1637/tm1637.o
                0x0000000008003f8c                TM1637_Generate_START
 .text.TM1637_Generate_STOP
                0x0000000008003fc4       0x54 Drivers/TM1637/tm1637.o
                0x0000000008003fc4                TM1637_Generate_STOP
 .text.TM1637_WriteData
                0x0000000008004018       0x7e Drivers/TM1637/tm1637.o
                0x0000000008004018                TM1637_WriteData
 *fill*         0x0000000008004096        0x2 
 .text.TM1637_coding
                0x0000000008004098       0x4c Drivers/TM1637/tm1637.o
                0x0000000008004098                TM1637_coding
 .text.TM1637_coding_all
                0x00000000080040e4       0xc0 Drivers/TM1637/tm1637.o
                0x00000000080040e4                TM1637_coding_all
 .text.separate_Digit_to_digits
                0x00000000080041a4      0x1e4 Drivers/TM1637/tm1637.o
                0x00000000080041a4                separate_Digit_to_digits
 .text.TM1637_display
                0x0000000008004388       0x68 Drivers/TM1637/tm1637.o
                0x0000000008004388                TM1637_display
 .text.TM1637_display_all
                0x00000000080043f0       0x8c Drivers/TM1637/tm1637.o
                0x00000000080043f0                TM1637_display_all
 .text.TM1637_brightness
                0x000000000800447c       0x24 Drivers/TM1637/tm1637.o
                0x000000000800447c                TM1637_brightness
 .text.TM1637_clearDisplay
                0x00000000080044a0       0x2a Drivers/TM1637/tm1637.o
                0x00000000080044a0                TM1637_clearDisplay
 *fill*         0x00000000080044ca        0x2 
 .text.__libc_init_array
                0x00000000080044cc       0x48 c:/st/stm32cubeide_1.1.0/stm32cubeide/plugins/com.st.stm32cube.ide.mcu.externaltools.gnu-tools-for-stm32.7-2018-q2-update.win32_1.0.0.201904181610/tools/bin/../lib/gcc/arm-none-eabi/7.3.1/../../../../arm-none-eabi/lib/thumb/v7e-m/fpv5/hard\libc_nano.a(lib_a-init.o)
                0x00000000080044cc                __libc_init_array
 .text.memset   0x0000000008004514       0x10 c:/st/stm32cubeide_1.1.0/stm32cubeide/plugins/com.st.stm32cube.ide.mcu.externaltools.gnu-tools-for-stm32.7-2018-q2-update.win32_1.0.0.201904181610/tools/bin/../lib/gcc/arm-none-eabi/7.3.1/../../../../arm-none-eabi/lib/thumb/v7e-m/fpv5/hard\libc_nano.a(lib_a-memset.o)
                0x0000000008004514                memset
 *(.glue_7)
 .glue_7        0x0000000008004524        0x0 linker stubs
 *(.glue_7t)
 .glue_7t       0x0000000008004524        0x0 linker stubs
 *(.eh_frame)
 .eh_frame      0x0000000008004524        0x0 c:/st/stm32cubeide_1.1.0/stm32cubeide/plugins/com.st.stm32cube.ide.mcu.externaltools.gnu-tools-for-stm32.7-2018-q2-update.win32_1.0.0.201904181610/tools/bin/../lib/gcc/arm-none-eabi/7.3.1/thumb/v7e-m/fpv5/hard/crtbegin.o
 *(.init)
 .init          0x0000000008004524        0x4 c:/st/stm32cubeide_1.1.0/stm32cubeide/plugins/com.st.stm32cube.ide.mcu.externaltools.gnu-tools-for-stm32.7-2018-q2-update.win32_1.0.0.201904181610/tools/bin/../lib/gcc/arm-none-eabi/7.3.1/thumb/v7e-m/fpv5/hard/crti.o
                0x0000000008004524                _init
 .init          0x0000000008004528        0x8 c:/st/stm32cubeide_1.1.0/stm32cubeide/plugins/com.st.stm32cube.ide.mcu.externaltools.gnu-tools-for-stm32.7-2018-q2-update.win32_1.0.0.201904181610/tools/bin/../lib/gcc/arm-none-eabi/7.3.1/thumb/v7e-m/fpv5/hard/crtn.o
 *(.fini)
 .fini          0x0000000008004530        0x4 c:/st/stm32cubeide_1.1.0/stm32cubeide/plugins/com.st.stm32cube.ide.mcu.externaltools.gnu-tools-for-stm32.7-2018-q2-update.win32_1.0.0.201904181610/tools/bin/../lib/gcc/arm-none-eabi/7.3.1/thumb/v7e-m/fpv5/hard/crti.o
                0x0000000008004530                _fini
 .fini          0x0000000008004534        0x8 c:/st/stm32cubeide_1.1.0/stm32cubeide/plugins/com.st.stm32cube.ide.mcu.externaltools.gnu-tools-for-stm32.7-2018-q2-update.win32_1.0.0.201904181610/tools/bin/../lib/gcc/arm-none-eabi/7.3.1/thumb/v7e-m/fpv5/hard/crtn.o
                0x000000000800453c                . = ALIGN (0x4)
                0x000000000800453c                _etext = .

.vfp11_veneer   0x000000000800453c        0x0
 .vfp11_veneer  0x000000000800453c        0x0 linker stubs

.v4_bx          0x000000000800453c        0x0
 .v4_bx         0x000000000800453c        0x0 linker stubs

.iplt           0x000000000800453c        0x0
 .iplt          0x000000000800453c        0x0 c:/st/stm32cubeide_1.1.0/stm32cubeide/plugins/com.st.stm32cube.ide.mcu.externaltools.gnu-tools-for-stm32.7-2018-q2-update.win32_1.0.0.201904181610/tools/bin/../lib/gcc/arm-none-eabi/7.3.1/thumb/v7e-m/fpv5/hard/crtbegin.o

.rodata         0x000000000800453c       0x2c
                0x000000000800453c                . = ALIGN (0x4)
 *(.rodata)
 *(.rodata*)
 .rodata.AHBPrescTable
                0x000000000800453c       0x10 Core/Src/system_stm32f7xx.o
                0x000000000800453c                AHBPrescTable
 .rodata.APBPrescTable
                0x000000000800454c        0x8 Core/Src/system_stm32f7xx.o
                0x000000000800454c                APBPrescTable
 .rodata.digitToSegment
                0x0000000008004554       0x12 Drivers/TM1637/tm1637.o
                0x0000000008004554                digitToSegment
                0x0000000008004568                . = ALIGN (0x4)
 *fill*         0x0000000008004566        0x2 

.ARM.extab      0x0000000008004568        0x0
                0x0000000008004568                . = ALIGN (0x4)
 *(.ARM.extab* .gnu.linkonce.armextab.*)
                0x0000000008004568                . = ALIGN (0x4)

.ARM            0x0000000008004568        0x8
                0x0000000008004568                . = ALIGN (0x4)
                0x0000000008004568                __exidx_start = .
 *(.ARM.exidx*)
 .ARM.exidx     0x0000000008004568        0x8 c:/st/stm32cubeide_1.1.0/stm32cubeide/plugins/com.st.stm32cube.ide.mcu.externaltools.gnu-tools-for-stm32.7-2018-q2-update.win32_1.0.0.201904181610/tools/bin/../lib/gcc/arm-none-eabi/7.3.1/thumb/v7e-m/fpv5/hard\libgcc.a(_udivmoddi4.o)
                0x0000000008004570                __exidx_end = .
                0x0000000008004570                . = ALIGN (0x4)

.rel.dyn        0x0000000008004570        0x0
 .rel.iplt      0x0000000008004570        0x0 c:/st/stm32cubeide_1.1.0/stm32cubeide/plugins/com.st.stm32cube.ide.mcu.externaltools.gnu-tools-for-stm32.7-2018-q2-update.win32_1.0.0.201904181610/tools/bin/../lib/gcc/arm-none-eabi/7.3.1/thumb/v7e-m/fpv5/hard/crtbegin.o

.preinit_array  0x0000000008004570        0x0
                0x0000000008004570                . = ALIGN (0x4)
                0x0000000008004570                PROVIDE (__preinit_array_start = .)
 *(.preinit_array*)
                0x0000000008004570                PROVIDE (__preinit_array_end = .)
                0x0000000008004570                . = ALIGN (0x4)

.init_array     0x0000000008004570        0x4
                0x0000000008004570                . = ALIGN (0x4)
                0x0000000008004570                PROVIDE (__init_array_start = .)
 *(SORT_BY_NAME(.init_array.*))
 *(.init_array*)
 .init_array    0x0000000008004570        0x4 c:/st/stm32cubeide_1.1.0/stm32cubeide/plugins/com.st.stm32cube.ide.mcu.externaltools.gnu-tools-for-stm32.7-2018-q2-update.win32_1.0.0.201904181610/tools/bin/../lib/gcc/arm-none-eabi/7.3.1/thumb/v7e-m/fpv5/hard/crtbegin.o
                0x0000000008004574                PROVIDE (__init_array_end = .)
                0x0000000008004574                . = ALIGN (0x4)

.fini_array     0x0000000008004574        0x4
                0x0000000008004574                . = ALIGN (0x4)
                [!provide]                        PROVIDE (__fini_array_start = .)
 *(SORT_BY_NAME(.fini_array.*))
 *(.fini_array*)
 .fini_array    0x0000000008004574        0x4 c:/st/stm32cubeide_1.1.0/stm32cubeide/plugins/com.st.stm32cube.ide.mcu.externaltools.gnu-tools-for-stm32.7-2018-q2-update.win32_1.0.0.201904181610/tools/bin/../lib/gcc/arm-none-eabi/7.3.1/thumb/v7e-m/fpv5/hard/crtbegin.o
                [!provide]                        PROVIDE (__fini_array_end = .)
                0x0000000008004578                . = ALIGN (0x4)
                0x0000000008004578                _sidata = LOADADDR (.data)

.data           0x0000000020000000        0xc load address 0x0000000008004578
                0x0000000020000000                . = ALIGN (0x4)
                0x0000000020000000                _sdata = .
 *(.data)
 *(.data*)
 .data.SystemCoreClock
                0x0000000020000000        0x4 Core/Src/system_stm32f7xx.o
                0x0000000020000000                SystemCoreClock
 .data.uwTickPrio
                0x0000000020000004        0x4 Drivers/STM32F7xx_HAL_Driver/Src/stm32f7xx_hal.o
                0x0000000020000004                uwTickPrio
 .data.uwTickFreq
                0x0000000020000008        0x1 Drivers/STM32F7xx_HAL_Driver/Src/stm32f7xx_hal.o
                0x0000000020000008                uwTickFreq
 .data.Cmd_SetAddr
                0x0000000020000009        0x1 Drivers/TM1637/tm1637.o
                0x0000000020000009                Cmd_SetAddr
 .data.PointFlag
                0x000000002000000a        0x1 Drivers/TM1637/tm1637.o
                0x000000002000000a                PointFlag
 .data._DispType
                0x000000002000000b        0x1 Drivers/TM1637/tm1637.o
                0x000000002000000b                _DispType
                0x000000002000000c                . = ALIGN (0x4)
                0x000000002000000c                _edata = .

.igot.plt       0x000000002000000c        0x0 load address 0x0000000008004584
 .igot.plt      0x000000002000000c        0x0 c:/st/stm32cubeide_1.1.0/stm32cubeide/plugins/com.st.stm32cube.ide.mcu.externaltools.gnu-tools-for-stm32.7-2018-q2-update.win32_1.0.0.201904181610/tools/bin/../lib/gcc/arm-none-eabi/7.3.1/thumb/v7e-m/fpv5/hard/crtbegin.o
                0x000000002000000c                . = ALIGN (0x4)

.bss            0x000000002000000c      0x4f0 load address 0x0000000008004584
                0x000000002000000c                _sbss = .
                0x000000002000000c                __bss_start__ = _sbss
 *(.bss)
 .bss           0x000000002000000c       0x1c c:/st/stm32cubeide_1.1.0/stm32cubeide/plugins/com.st.stm32cube.ide.mcu.externaltools.gnu-tools-for-stm32.7-2018-q2-update.win32_1.0.0.201904181610/tools/bin/../lib/gcc/arm-none-eabi/7.3.1/thumb/v7e-m/fpv5/hard/crtbegin.o
 *(.bss*)
 *(COMMON)
 COMMON         0x0000000020000028      0x4cc Core/Src/main.o
                0x0000000020000028                huart3
                0x00000000200000a8                hpcd_USB_OTG_FS
                0x00000000200004ac                heth
 COMMON         0x00000000200004f4        0x4 Drivers/STM32F7xx_HAL_Driver/Src/stm32f7xx_hal.o
                0x00000000200004f4                uwTick
 COMMON         0x00000000200004f8        0x3 Drivers/TM1637/tm1637.o
                0x00000000200004f8                DecPoint
                0x00000000200004f9                BlankingFlag
                0x00000000200004fa                Cmd_DispCtrl
                0x00000000200004fc                . = ALIGN (0x4)
 *fill*         0x00000000200004fb        0x1 
                0x00000000200004fc                _ebss = .
                0x00000000200004fc                __bss_end__ = _ebss

._user_heap_stack
                0x00000000200004fc      0x604 load address 0x0000000008004584
                0x0000000020000500                . = ALIGN (0x8)
 *fill*         0x00000000200004fc        0x4 
                0x0000000020000500                PROVIDE (end = .)
                [!provide]                        PROVIDE (_end = .)
                0x0000000020000700                . = (. + _Min_Heap_Size)
 *fill*         0x0000000020000500      0x200 
                0x0000000020000b00                . = (. + _Min_Stack_Size)
 *fill*         0x0000000020000700      0x400 
                0x0000000020000b00                . = ALIGN (0x8)

/DISCARD/
 libc.a(*)
 libm.a(*)
 libgcc.a(*)

.ARM.attributes
                0x0000000000000000       0x2e
 *(.ARM.attributes)
 .ARM.attributes
                0x0000000000000000       0x20 c:/st/stm32cubeide_1.1.0/stm32cubeide/plugins/com.st.stm32cube.ide.mcu.externaltools.gnu-tools-for-stm32.7-2018-q2-update.win32_1.0.0.201904181610/tools/bin/../lib/gcc/arm-none-eabi/7.3.1/thumb/v7e-m/fpv5/hard/crti.o
 .ARM.attributes
                0x0000000000000020       0x32 c:/st/stm32cubeide_1.1.0/stm32cubeide/plugins/com.st.stm32cube.ide.mcu.externaltools.gnu-tools-for-stm32.7-2018-q2-update.win32_1.0.0.201904181610/tools/bin/../lib/gcc/arm-none-eabi/7.3.1/thumb/v7e-m/fpv5/hard/crtbegin.o
 .ARM.attributes
                0x0000000000000052       0x37 Core/Src/main.o
 .ARM.attributes
                0x0000000000000089       0x37 Core/Src/stm32f7xx_hal_msp.o
 .ARM.attributes
                0x00000000000000c0       0x37 Core/Src/stm32f7xx_it.o
 .ARM.attributes
                0x00000000000000f7       0x37 Core/Src/system_stm32f7xx.o
 .ARM.attributes
                0x000000000000012e       0x21 Core/Startup/startup_stm32f767zitx.o
 .ARM.attributes
                0x000000000000014f       0x37 Drivers/STM32F7xx_HAL_Driver/Src/stm32f7xx_hal.o
 .ARM.attributes
                0x0000000000000186       0x37 Drivers/STM32F7xx_HAL_Driver/Src/stm32f7xx_hal_cortex.o
 .ARM.attributes
                0x00000000000001bd       0x37 Drivers/STM32F7xx_HAL_Driver/Src/stm32f7xx_hal_eth.o
 .ARM.attributes
                0x00000000000001f4       0x37 Drivers/STM32F7xx_HAL_Driver/Src/stm32f7xx_hal_gpio.o
 .ARM.attributes
                0x000000000000022b       0x37 Drivers/STM32F7xx_HAL_Driver/Src/stm32f7xx_hal_pcd.o
 .ARM.attributes
                0x0000000000000262       0x37 Drivers/STM32F7xx_HAL_Driver/Src/stm32f7xx_hal_pcd_ex.o
 .ARM.attributes
                0x0000000000000299       0x37 Drivers/STM32F7xx_HAL_Driver/Src/stm32f7xx_hal_pwr.o
 .ARM.attributes
                0x00000000000002d0       0x37 Drivers/STM32F7xx_HAL_Driver/Src/stm32f7xx_hal_pwr_ex.o
 .ARM.attributes
                0x0000000000000307       0x37 Drivers/STM32F7xx_HAL_Driver/Src/stm32f7xx_hal_rcc.o
 .ARM.attributes
                0x000000000000033e       0x37 Drivers/STM32F7xx_HAL_Driver/Src/stm32f7xx_hal_rcc_ex.o
 .ARM.attributes
                0x0000000000000375       0x37 Drivers/STM32F7xx_HAL_Driver/Src/stm32f7xx_hal_uart.o
 .ARM.attributes
                0x00000000000003ac       0x37 Drivers/STM32F7xx_HAL_Driver/Src/stm32f7xx_ll_usb.o
 .ARM.attributes
                0x00000000000003e3       0x37 Drivers/TM1637/tm1637.o
 .ARM.attributes
                0x000000000000041a       0x32 c:/st/stm32cubeide_1.1.0/stm32cubeide/plugins/com.st.stm32cube.ide.mcu.externaltools.gnu-tools-for-stm32.7-2018-q2-update.win32_1.0.0.201904181610/tools/bin/../lib/gcc/arm-none-eabi/7.3.1/../../../../arm-none-eabi/lib/thumb/v7e-m/fpv5/hard\libc_nano.a(lib_a-init.o)
 .ARM.attributes
                0x000000000000044c       0x32 c:/st/stm32cubeide_1.1.0/stm32cubeide/plugins/com.st.stm32cube.ide.mcu.externaltools.gnu-tools-for-stm32.7-2018-q2-update.win32_1.0.0.201904181610/tools/bin/../lib/gcc/arm-none-eabi/7.3.1/../../../../arm-none-eabi/lib/thumb/v7e-m/fpv5/hard\libc_nano.a(lib_a-memset.o)
 .ARM.attributes
                0x000000000000047e       0x20 c:/st/stm32cubeide_1.1.0/stm32cubeide/plugins/com.st.stm32cube.ide.mcu.externaltools.gnu-tools-for-stm32.7-2018-q2-update.win32_1.0.0.201904181610/tools/bin/../lib/gcc/arm-none-eabi/7.3.1/thumb/v7e-m/fpv5/hard\libgcc.a(_aeabi_uldivmod.o)
 .ARM.attributes
                0x000000000000049e       0x32 c:/st/stm32cubeide_1.1.0/stm32cubeide/plugins/com.st.stm32cube.ide.mcu.externaltools.gnu-tools-for-stm32.7-2018-q2-update.win32_1.0.0.201904181610/tools/bin/../lib/gcc/arm-none-eabi/7.3.1/thumb/v7e-m/fpv5/hard\libgcc.a(_udivmoddi4.o)
 .ARM.attributes
                0x00000000000004d0       0x20 c:/st/stm32cubeide_1.1.0/stm32cubeide/plugins/com.st.stm32cube.ide.mcu.externaltools.gnu-tools-for-stm32.7-2018-q2-update.win32_1.0.0.201904181610/tools/bin/../lib/gcc/arm-none-eabi/7.3.1/thumb/v7e-m/fpv5/hard\libgcc.a(_dvmd_tls.o)
 .ARM.attributes
                0x00000000000004f0       0x20 c:/st/stm32cubeide_1.1.0/stm32cubeide/plugins/com.st.stm32cube.ide.mcu.externaltools.gnu-tools-for-stm32.7-2018-q2-update.win32_1.0.0.201904181610/tools/bin/../lib/gcc/arm-none-eabi/7.3.1/thumb/v7e-m/fpv5/hard/crtn.o
OUTPUT(stm32f7-tm1637.elf elf32-littlearm)

.debug_info     0x0000000000000000     0xe3bf
 .debug_info    0x0000000000000000     0x19a7 Core/Src/main.o
 .debug_info    0x00000000000019a7     0x169c Core/Src/stm32f7xx_hal_msp.o
 .debug_info    0x0000000000003043      0x20a Core/Src/stm32f7xx_it.o
 .debug_info    0x000000000000324d      0x73d Core/Src/system_stm32f7xx.o
 .debug_info    0x000000000000398a       0x22 Core/Startup/startup_stm32f767zitx.o
 .debug_info    0x00000000000039ac      0xa37 Drivers/STM32F7xx_HAL_Driver/Src/stm32f7xx_hal.o
 .debug_info    0x00000000000043e3     0x108c Drivers/STM32F7xx_HAL_Driver/Src/stm32f7xx_hal_cortex.o
 .debug_info    0x000000000000546f     0x14a9 Drivers/STM32F7xx_HAL_Driver/Src/stm32f7xx_hal_eth.o
 .debug_info    0x0000000000006918      0x7e9 Drivers/STM32F7xx_HAL_Driver/Src/stm32f7xx_hal_gpio.o
 .debug_info    0x0000000000007101     0x1139 Drivers/STM32F7xx_HAL_Driver/Src/stm32f7xx_hal_pcd.o
 .debug_info    0x000000000000823a      0x810 Drivers/STM32F7xx_HAL_Driver/Src/stm32f7xx_hal_pcd_ex.o
 .debug_info    0x0000000000008a4a      0x9b4 Drivers/STM32F7xx_HAL_Driver/Src/stm32f7xx_hal_pwr.o
 .debug_info    0x00000000000093fe      0x96b Drivers/STM32F7xx_HAL_Driver/Src/stm32f7xx_hal_pwr_ex.o
 .debug_info    0x0000000000009d69      0x987 Drivers/STM32F7xx_HAL_Driver/Src/stm32f7xx_hal_rcc.o
 .debug_info    0x000000000000a6f0      0x7d1 Drivers/STM32F7xx_HAL_Driver/Src/stm32f7xx_hal_rcc_ex.o
 .debug_info    0x000000000000aec1     0x1639 Drivers/STM32F7xx_HAL_Driver/Src/stm32f7xx_hal_uart.o
 .debug_info    0x000000000000c4fa     0x1910 Drivers/STM32F7xx_HAL_Driver/Src/stm32f7xx_ll_usb.o
 .debug_info    0x000000000000de0a      0x5b5 Drivers/TM1637/tm1637.o

.debug_abbrev   0x0000000000000000     0x2136
 .debug_abbrev  0x0000000000000000      0x24d Core/Src/main.o
 .debug_abbrev  0x000000000000024d      0x216 Core/Src/stm32f7xx_hal_msp.o
 .debug_abbrev  0x0000000000000463       0xc6 Core/Src/stm32f7xx_it.o
 .debug_abbrev  0x0000000000000529      0x147 Core/Src/system_stm32f7xx.o
 .debug_abbrev  0x0000000000000670       0x12 Core/Startup/startup_stm32f767zitx.o
 .debug_abbrev  0x0000000000000682      0x1c7 Drivers/STM32F7xx_HAL_Driver/Src/stm32f7xx_hal.o
 .debug_abbrev  0x0000000000000849      0x2fa Drivers/STM32F7xx_HAL_Driver/Src/stm32f7xx_hal_cortex.o
 .debug_abbrev  0x0000000000000b43      0x23e Drivers/STM32F7xx_HAL_Driver/Src/stm32f7xx_hal_eth.o
 .debug_abbrev  0x0000000000000d81      0x1c9 Drivers/STM32F7xx_HAL_Driver/Src/stm32f7xx_hal_gpio.o
 .debug_abbrev  0x0000000000000f4a      0x257 Drivers/STM32F7xx_HAL_Driver/Src/stm32f7xx_hal_pcd.o
 .debug_abbrev  0x00000000000011a1      0x1c0 Drivers/STM32F7xx_HAL_Driver/Src/stm32f7xx_hal_pcd_ex.o
 .debug_abbrev  0x0000000000001361      0x1b6 Drivers/STM32F7xx_HAL_Driver/Src/stm32f7xx_hal_pwr.o
 .debug_abbrev  0x0000000000001517      0x1b8 Drivers/STM32F7xx_HAL_Driver/Src/stm32f7xx_hal_pwr_ex.o
 .debug_abbrev  0x00000000000016cf      0x268 Drivers/STM32F7xx_HAL_Driver/Src/stm32f7xx_hal_rcc.o
 .debug_abbrev  0x0000000000001937      0x1ad Drivers/STM32F7xx_HAL_Driver/Src/stm32f7xx_hal_rcc_ex.o
 .debug_abbrev  0x0000000000001ae4      0x205 Drivers/STM32F7xx_HAL_Driver/Src/stm32f7xx_hal_uart.o
 .debug_abbrev  0x0000000000001ce9      0x23f Drivers/STM32F7xx_HAL_Driver/Src/stm32f7xx_ll_usb.o
 .debug_abbrev  0x0000000000001f28      0x20e Drivers/TM1637/tm1637.o

.debug_aranges  0x0000000000000000      0xc88
 .debug_aranges
                0x0000000000000000       0x50 Core/Src/main.o
 .debug_aranges
                0x0000000000000050       0x50 Core/Src/stm32f7xx_hal_msp.o
 .debug_aranges
                0x00000000000000a0       0x60 Core/Src/stm32f7xx_it.o
 .debug_aranges
                0x0000000000000100       0x28 Core/Src/system_stm32f7xx.o
 .debug_aranges
                0x0000000000000128       0x28 Core/Startup/startup_stm32f767zitx.o
 .debug_aranges
                0x0000000000000150      0x110 Drivers/STM32F7xx_HAL_Driver/Src/stm32f7xx_hal.o
 .debug_aranges
                0x0000000000000260      0x118 Drivers/STM32F7xx_HAL_Driver/Src/stm32f7xx_hal_cortex.o
 .debug_aranges
                0x0000000000000378      0x110 Drivers/STM32F7xx_HAL_Driver/Src/stm32f7xx_hal_eth.o
 .debug_aranges
                0x0000000000000488       0x58 Drivers/STM32F7xx_HAL_Driver/Src/stm32f7xx_hal_gpio.o
 .debug_aranges
                0x00000000000004e0      0x130 Drivers/STM32F7xx_HAL_Driver/Src/stm32f7xx_hal_pcd.o
 .debug_aranges
                0x0000000000000610       0x48 Drivers/STM32F7xx_HAL_Driver/Src/stm32f7xx_hal_pcd_ex.o
 .debug_aranges
                0x0000000000000658       0xa0 Drivers/STM32F7xx_HAL_Driver/Src/stm32f7xx_hal_pwr.o
 .debug_aranges
                0x00000000000006f8       0x80 Drivers/STM32F7xx_HAL_Driver/Src/stm32f7xx_hal_pwr_ex.o
 .debug_aranges
                0x0000000000000778       0x88 Drivers/STM32F7xx_HAL_Driver/Src/stm32f7xx_hal_rcc.o
 .debug_aranges
                0x0000000000000800       0x50 Drivers/STM32F7xx_HAL_Driver/Src/stm32f7xx_hal_rcc_ex.o
 .debug_aranges
                0x0000000000000850      0x1f8 Drivers/STM32F7xx_HAL_Driver/Src/stm32f7xx_hal_uart.o
 .debug_aranges
                0x0000000000000a48      0x198 Drivers/STM32F7xx_HAL_Driver/Src/stm32f7xx_ll_usb.o
 .debug_aranges
                0x0000000000000be0       0xa8 Drivers/TM1637/tm1637.o

.debug_ranges   0x0000000000000000      0xb70
 .debug_ranges  0x0000000000000000       0x40 Core/Src/main.o
 .debug_ranges  0x0000000000000040       0x40 Core/Src/stm32f7xx_hal_msp.o
 .debug_ranges  0x0000000000000080       0x50 Core/Src/stm32f7xx_it.o
 .debug_ranges  0x00000000000000d0       0x18 Core/Src/system_stm32f7xx.o
 .debug_ranges  0x00000000000000e8       0x20 Core/Startup/startup_stm32f767zitx.o
 .debug_ranges  0x0000000000000108      0x100 Drivers/STM32F7xx_HAL_Driver/Src/stm32f7xx_hal.o
 .debug_ranges  0x0000000000000208      0x108 Drivers/STM32F7xx_HAL_Driver/Src/stm32f7xx_hal_cortex.o
 .debug_ranges  0x0000000000000310      0x100 Drivers/STM32F7xx_HAL_Driver/Src/stm32f7xx_hal_eth.o
 .debug_ranges  0x0000000000000410       0x48 Drivers/STM32F7xx_HAL_Driver/Src/stm32f7xx_hal_gpio.o
 .debug_ranges  0x0000000000000458      0x120 Drivers/STM32F7xx_HAL_Driver/Src/stm32f7xx_hal_pcd.o
 .debug_ranges  0x0000000000000578       0x38 Drivers/STM32F7xx_HAL_Driver/Src/stm32f7xx_hal_pcd_ex.o
 .debug_ranges  0x00000000000005b0       0x90 Drivers/STM32F7xx_HAL_Driver/Src/stm32f7xx_hal_pwr.o
 .debug_ranges  0x0000000000000640       0x70 Drivers/STM32F7xx_HAL_Driver/Src/stm32f7xx_hal_pwr_ex.o
 .debug_ranges  0x00000000000006b0       0x78 Drivers/STM32F7xx_HAL_Driver/Src/stm32f7xx_hal_rcc.o
 .debug_ranges  0x0000000000000728       0x40 Drivers/STM32F7xx_HAL_Driver/Src/stm32f7xx_hal_rcc_ex.o
 .debug_ranges  0x0000000000000768      0x1e8 Drivers/STM32F7xx_HAL_Driver/Src/stm32f7xx_hal_uart.o
 .debug_ranges  0x0000000000000950      0x188 Drivers/STM32F7xx_HAL_Driver/Src/stm32f7xx_ll_usb.o
 .debug_ranges  0x0000000000000ad8       0x98 Drivers/TM1637/tm1637.o

.debug_macro    0x0000000000000000    0x2706d
 .debug_macro   0x0000000000000000      0x215 Core/Src/main.o
 .debug_macro   0x0000000000000215      0xa66 Core/Src/main.o
 .debug_macro   0x0000000000000c7b      0x19d Core/Src/main.o
 .debug_macro   0x0000000000000e18       0x2e Core/Src/main.o
 .debug_macro   0x0000000000000e46       0x3b Core/Src/main.o
 .debug_macro   0x0000000000000e81       0x22 Core/Src/main.o
 .debug_macro   0x0000000000000ea3       0x8e Core/Src/main.o
 .debug_macro   0x0000000000000f31       0x51 Core/Src/main.o
 .debug_macro   0x0000000000000f82       0xef Core/Src/main.o
 .debug_macro   0x0000000000001071       0x6a Core/Src/main.o
 .debug_macro   0x00000000000010db      0x1df Core/Src/main.o
 .debug_macro   0x00000000000012ba       0x1c Core/Src/main.o
 .debug_macro   0x00000000000012d6       0x22 Core/Src/main.o
 .debug_macro   0x00000000000012f8       0xdf Core/Src/main.o
 .debug_macro   0x00000000000013d7     0x12cd Core/Src/main.o
 .debug_macro   0x00000000000026a4      0x11f Core/Src/main.o
 .debug_macro   0x00000000000027c3       0x19 Core/Src/main.o
 .debug_macro   0x00000000000027dc    0x1a029 Core/Src/main.o
 .debug_macro   0x000000000001c805       0x43 Core/Src/main.o
 .debug_macro   0x000000000001c848     0x363d Core/Src/main.o
 .debug_macro   0x000000000001fe85      0x174 Core/Src/main.o
 .debug_macro   0x000000000001fff9       0x61 Core/Src/main.o
 .debug_macro   0x000000000002005a     0x1add Core/Src/main.o
 .debug_macro   0x0000000000021b37      0x6c4 Core/Src/main.o
 .debug_macro   0x00000000000221fb      0x109 Core/Src/main.o
 .debug_macro   0x0000000000022304      0x117 Core/Src/main.o
 .debug_macro   0x000000000002241b      0x26f Core/Src/main.o
 .debug_macro   0x000000000002268a       0x27 Core/Src/main.o
 .debug_macro   0x00000000000226b1      0x24f Core/Src/main.o
 .debug_macro   0x0000000000022900       0x71 Core/Src/main.o
 .debug_macro   0x0000000000022971       0x58 Core/Src/main.o
 .debug_macro   0x00000000000229c9      0x236 Core/Src/main.o
 .debug_macro   0x0000000000022bff      0xccf Core/Src/main.o
 .debug_macro   0x00000000000238ce      0x14f Core/Src/main.o
 .debug_macro   0x0000000000023a1d      0x3dc Core/Src/main.o
 .debug_macro   0x0000000000023df9       0x12 Core/Src/main.o
 .debug_macro   0x0000000000023e0b      0x22c Core/Src/main.o
 .debug_macro   0x0000000000024037       0x61 Core/Src/main.o
 .debug_macro   0x0000000000024098       0xa5 Core/Src/main.o
 .debug_macro   0x000000000002413d      0x12f Core/Src/main.o
 .debug_macro   0x000000000002426c      0x108 Core/Src/main.o
 .debug_macro   0x0000000000024374       0x35 Core/Src/main.o
 .debug_macro   0x00000000000243a9      0x519 Core/Src/main.o
 .debug_macro   0x00000000000248c2       0x44 Core/Src/main.o
 .debug_macro   0x0000000000024906      0x217 Core/Src/main.o
 .debug_macro   0x0000000000024b1d       0xe4 Core/Src/main.o
 .debug_macro   0x0000000000024c01      0x15c Core/Src/main.o
 .debug_macro   0x0000000000024d5d       0x4c Core/Src/main.o
 .debug_macro   0x0000000000024da9      0x154 Core/Src/main.o
 .debug_macro   0x0000000000024efd      0x215 Core/Src/stm32f7xx_hal_msp.o
 .debug_macro   0x0000000000025112      0x21f Core/Src/stm32f7xx_it.o
 .debug_macro   0x0000000000025331      0x203 Core/Src/system_stm32f7xx.o
 .debug_macro   0x0000000000025534      0x221 Drivers/STM32F7xx_HAL_Driver/Src/stm32f7xx_hal.o
 .debug_macro   0x0000000000025755      0x1fd Drivers/STM32F7xx_HAL_Driver/Src/stm32f7xx_hal_cortex.o
 .debug_macro   0x0000000000025952      0x213 Drivers/STM32F7xx_HAL_Driver/Src/stm32f7xx_hal_eth.o
 .debug_macro   0x0000000000025b65      0x233 Drivers/STM32F7xx_HAL_Driver/Src/stm32f7xx_hal_gpio.o
 .debug_macro   0x0000000000025d98      0x209 Drivers/STM32F7xx_HAL_Driver/Src/stm32f7xx_hal_pcd.o
 .debug_macro   0x0000000000025fa1      0x1fd Drivers/STM32F7xx_HAL_Driver/Src/stm32f7xx_hal_pcd_ex.o
 .debug_macro   0x000000000002619e      0x21b Drivers/STM32F7xx_HAL_Driver/Src/stm32f7xx_hal_pwr.o
 .debug_macro   0x00000000000263b9      0x215 Drivers/STM32F7xx_HAL_Driver/Src/stm32f7xx_hal_pwr_ex.o
 .debug_macro   0x00000000000265ce      0x221 Drivers/STM32F7xx_HAL_Driver/Src/stm32f7xx_hal_rcc.o
 .debug_macro   0x00000000000267ef      0x1fd Drivers/STM32F7xx_HAL_Driver/Src/stm32f7xx_hal_rcc_ex.o
 .debug_macro   0x00000000000269ec      0x21a Drivers/STM32F7xx_HAL_Driver/Src/stm32f7xx_hal_uart.o
 .debug_macro   0x0000000000026c06      0x1fd Drivers/STM32F7xx_HAL_Driver/Src/stm32f7xx_ll_usb.o
 .debug_macro   0x0000000000026e03      0x224 Drivers/TM1637/tm1637.o
 .debug_macro   0x0000000000027027       0x46 Drivers/TM1637/tm1637.o

.debug_line     0x0000000000000000     0xac0b
 .debug_line    0x0000000000000000      0x81c Core/Src/main.o
 .debug_line    0x000000000000081c      0x7e9 Core/Src/stm32f7xx_hal_msp.o
 .debug_line    0x0000000000001005      0x7db Core/Src/stm32f7xx_it.o
 .debug_line    0x00000000000017e0      0x738 Core/Src/system_stm32f7xx.o
 .debug_line    0x0000000000001f18       0x86 Core/Startup/startup_stm32f767zitx.o
 .debug_line    0x0000000000001f9e      0x962 Drivers/STM32F7xx_HAL_Driver/Src/stm32f7xx_hal.o
 .debug_line    0x0000000000002900      0xa42 Drivers/STM32F7xx_HAL_Driver/Src/stm32f7xx_hal_cortex.o
 .debug_line    0x0000000000003342      0xdef Drivers/STM32F7xx_HAL_Driver/Src/stm32f7xx_hal_eth.o
 .debug_line    0x0000000000004131      0x926 Drivers/STM32F7xx_HAL_Driver/Src/stm32f7xx_hal_gpio.o
 .debug_line    0x0000000000004a57      0xc92 Drivers/STM32F7xx_HAL_Driver/Src/stm32f7xx_hal_pcd.o
 .debug_line    0x00000000000056e9      0x7a4 Drivers/STM32F7xx_HAL_Driver/Src/stm32f7xx_hal_pcd_ex.o
 .debug_line    0x0000000000005e8d      0x886 Drivers/STM32F7xx_HAL_Driver/Src/stm32f7xx_hal_pwr.o
 .debug_line    0x0000000000006713      0x862 Drivers/STM32F7xx_HAL_Driver/Src/stm32f7xx_hal_pwr_ex.o
 .debug_line    0x0000000000006f75      0x9b4 Drivers/STM32F7xx_HAL_Driver/Src/stm32f7xx_hal_rcc.o
 .debug_line    0x0000000000007929      0x942 Drivers/STM32F7xx_HAL_Driver/Src/stm32f7xx_hal_rcc_ex.o
 .debug_line    0x000000000000826b     0x1224 Drivers/STM32F7xx_HAL_Driver/Src/stm32f7xx_hal_uart.o
 .debug_line    0x000000000000948f      0xe38 Drivers/STM32F7xx_HAL_Driver/Src/stm32f7xx_ll_usb.o
 .debug_line    0x000000000000a2c7      0x944 Drivers/TM1637/tm1637.o

.debug_str      0x0000000000000000    0xf43d0
 .debug_str     0x0000000000000000    0xf0abc Core/Src/main.o
                                      0xf126e (size before relaxing)
 .debug_str     0x00000000000f0abc       0x9f Core/Src/stm32f7xx_hal_msp.o
                                      0xf0e3d (size before relaxing)
 .debug_str     0x00000000000f0b5b       0xbd Core/Src/stm32f7xx_it.o
                                      0xf00f5 (size before relaxing)
 .debug_str     0x00000000000f0c18      0x179 Core/Src/system_stm32f7xx.o
                                      0xefcd5 (size before relaxing)
 .debug_str     0x00000000000f0d91       0x36 Core/Startup/startup_stm32f767zitx.o
                                         0x8a (size before relaxing)
 .debug_str     0x00000000000f0dc7      0x9e4 Drivers/STM32F7xx_HAL_Driver/Src/stm32f7xx_hal.o
                                      0xf0651 (size before relaxing)
 .debug_str     0x00000000000f17ab      0x38a Drivers/STM32F7xx_HAL_Driver/Src/stm32f7xx_hal_cortex.o
                                      0xf06ca (size before relaxing)
 .debug_str     0x00000000000f1b35      0x74e Drivers/STM32F7xx_HAL_Driver/Src/stm32f7xx_hal_eth.o
                                      0xf07e1 (size before relaxing)
 .debug_str     0x00000000000f2283      0x244 Drivers/STM32F7xx_HAL_Driver/Src/stm32f7xx_hal_gpio.o
                                      0xefeab (size before relaxing)
 .debug_str     0x00000000000f24c7      0x530 Drivers/STM32F7xx_HAL_Driver/Src/stm32f7xx_hal_pcd.o
                                      0xf03ba (size before relaxing)
 .debug_str     0x00000000000f29f7      0x16d Drivers/STM32F7xx_HAL_Driver/Src/stm32f7xx_hal_pcd_ex.o
                                      0xeffe2 (size before relaxing)
 .debug_str     0x00000000000f2b64      0x2c5 Drivers/STM32F7xx_HAL_Driver/Src/stm32f7xx_hal_pwr.o
                                      0xeff8d (size before relaxing)
 .debug_str     0x00000000000f2e29      0x1b5 Drivers/STM32F7xx_HAL_Driver/Src/stm32f7xx_hal_pwr_ex.o
                                      0xeff4f (size before relaxing)
 .debug_str     0x00000000000f2fde      0x27b Drivers/STM32F7xx_HAL_Driver/Src/stm32f7xx_hal_rcc.o
                                      0xefffe (size before relaxing)
 .debug_str     0x00000000000f3259      0x161 Drivers/STM32F7xx_HAL_Driver/Src/stm32f7xx_hal_rcc_ex.o
                                      0xeffbe (size before relaxing)
 .debug_str     0x00000000000f33ba      0x788 Drivers/STM32F7xx_HAL_Driver/Src/stm32f7xx_hal_uart.o
                                      0xf07c3 (size before relaxing)
 .debug_str     0x00000000000f3b42      0x65d Drivers/STM32F7xx_HAL_Driver/Src/stm32f7xx_ll_usb.o
                                      0xf04e9 (size before relaxing)
 .debug_str     0x00000000000f419f      0x231 Drivers/TM1637/tm1637.o
                                      0xefd90 (size before relaxing)

.comment        0x0000000000000000       0x7b
 .comment       0x0000000000000000       0x7b Core/Src/main.o
                                         0x7c (size before relaxing)
 .comment       0x000000000000007b       0x7c Core/Src/stm32f7xx_hal_msp.o
 .comment       0x000000000000007b       0x7c Core/Src/stm32f7xx_it.o
 .comment       0x000000000000007b       0x7c Core/Src/system_stm32f7xx.o
 .comment       0x000000000000007b       0x7c Drivers/STM32F7xx_HAL_Driver/Src/stm32f7xx_hal.o
 .comment       0x000000000000007b       0x7c Drivers/STM32F7xx_HAL_Driver/Src/stm32f7xx_hal_cortex.o
 .comment       0x000000000000007b       0x7c Drivers/STM32F7xx_HAL_Driver/Src/stm32f7xx_hal_eth.o
 .comment       0x000000000000007b       0x7c Drivers/STM32F7xx_HAL_Driver/Src/stm32f7xx_hal_gpio.o
 .comment       0x000000000000007b       0x7c Drivers/STM32F7xx_HAL_Driver/Src/stm32f7xx_hal_pcd.o
 .comment       0x000000000000007b       0x7c Drivers/STM32F7xx_HAL_Driver/Src/stm32f7xx_hal_pcd_ex.o
 .comment       0x000000000000007b       0x7c Drivers/STM32F7xx_HAL_Driver/Src/stm32f7xx_hal_pwr.o
 .comment       0x000000000000007b       0x7c Drivers/STM32F7xx_HAL_Driver/Src/stm32f7xx_hal_pwr_ex.o
 .comment       0x000000000000007b       0x7c Drivers/STM32F7xx_HAL_Driver/Src/stm32f7xx_hal_rcc.o
 .comment       0x000000000000007b       0x7c Drivers/STM32F7xx_HAL_Driver/Src/stm32f7xx_hal_rcc_ex.o
 .comment       0x000000000000007b       0x7c Drivers/STM32F7xx_HAL_Driver/Src/stm32f7xx_hal_uart.o
 .comment       0x000000000000007b       0x7c Drivers/STM32F7xx_HAL_Driver/Src/stm32f7xx_ll_usb.o
 .comment       0x000000000000007b       0x7c Drivers/TM1637/tm1637.o

.debug_frame    0x0000000000000000     0x3300
 .debug_frame   0x0000000000000000       0xf0 Core/Src/main.o
 .debug_frame   0x00000000000000f0      0x110 Core/Src/stm32f7xx_hal_msp.o
 .debug_frame   0x0000000000000200      0x10c Core/Src/stm32f7xx_it.o
 .debug_frame   0x000000000000030c       0x58 Core/Src/system_stm32f7xx.o
 .debug_frame   0x0000000000000364      0x3f4 Drivers/STM32F7xx_HAL_Driver/Src/stm32f7xx_hal.o
 .debug_frame   0x0000000000000758      0x498 Drivers/STM32F7xx_HAL_Driver/Src/stm32f7xx_hal_cortex.o
 .debug_frame   0x0000000000000bf0      0x4b4 Drivers/STM32F7xx_HAL_Driver/Src/stm32f7xx_hal_eth.o
 .debug_frame   0x00000000000010a4      0x14c Drivers/STM32F7xx_HAL_Driver/Src/stm32f7xx_hal_gpio.o
 .debug_frame   0x00000000000011f0      0x548 Drivers/STM32F7xx_HAL_Driver/Src/stm32f7xx_hal_pcd.o
 .debug_frame   0x0000000000001738      0x100 Drivers/STM32F7xx_HAL_Driver/Src/stm32f7xx_hal_pcd_ex.o
 .debug_frame   0x0000000000001838      0x254 Drivers/STM32F7xx_HAL_Driver/Src/stm32f7xx_hal_pwr.o
 .debug_frame   0x0000000000001a8c      0x1c8 Drivers/STM32F7xx_HAL_Driver/Src/stm32f7xx_hal_pwr_ex.o
 .debug_frame   0x0000000000001c54      0x1f4 Drivers/STM32F7xx_HAL_Driver/Src/stm32f7xx_hal_rcc.o
 .debug_frame   0x0000000000001e48      0x118 Drivers/STM32F7xx_HAL_Driver/Src/stm32f7xx_hal_rcc_ex.o
 .debug_frame   0x0000000000001f60      0x8f4 Drivers/STM32F7xx_HAL_Driver/Src/stm32f7xx_hal_uart.o
 .debug_frame   0x0000000000002854      0x790 Drivers/STM32F7xx_HAL_Driver/Src/stm32f7xx_ll_usb.o
 .debug_frame   0x0000000000002fe4      0x270 Drivers/TM1637/tm1637.o
 .debug_frame   0x0000000000003254       0x2c c:/st/stm32cubeide_1.1.0/stm32cubeide/plugins/com.st.stm32cube.ide.mcu.externaltools.gnu-tools-for-stm32.7-2018-q2-update.win32_1.0.0.201904181610/tools/bin/../lib/gcc/arm-none-eabi/7.3.1/../../../../arm-none-eabi/lib/thumb/v7e-m/fpv5/hard\libc_nano.a(lib_a-init.o)
 .debug_frame   0x0000000000003280       0x20 c:/st/stm32cubeide_1.1.0/stm32cubeide/plugins/com.st.stm32cube.ide.mcu.externaltools.gnu-tools-for-stm32.7-2018-q2-update.win32_1.0.0.201904181610/tools/bin/../lib/gcc/arm-none-eabi/7.3.1/../../../../arm-none-eabi/lib/thumb/v7e-m/fpv5/hard\libc_nano.a(lib_a-memset.o)
 .debug_frame   0x00000000000032a0       0x2c c:/st/stm32cubeide_1.1.0/stm32cubeide/plugins/com.st.stm32cube.ide.mcu.externaltools.gnu-tools-for-stm32.7-2018-q2-update.win32_1.0.0.201904181610/tools/bin/../lib/gcc/arm-none-eabi/7.3.1/thumb/v7e-m/fpv5/hard\libgcc.a(_aeabi_uldivmod.o)
 .debug_frame   0x00000000000032cc       0x34 c:/st/stm32cubeide_1.1.0/stm32cubeide/plugins/com.st.stm32cube.ide.mcu.externaltools.gnu-tools-for-stm32.7-2018-q2-update.win32_1.0.0.201904181610/tools/bin/../lib/gcc/arm-none-eabi/7.3.1/thumb/v7e-m/fpv5/hard\libgcc.a(_udivmoddi4.o)
